[19:25:11] [INIT] KubeJS 2101.7.2-build.377; MC 2101 NeoForge
[19:25:11] [INIT] Loaded plugins:
[19:25:11] [INIT] - dev.latvian.mods.kubejs.plugin.builtin.BuiltinKubeJSPlugin
[19:25:11] [INIT] - dev.latvian.mods.kubejs.plugin.builtin.BuiltinKubeJSClientPlugin
[19:25:11] [INIT] - dev.latvian.mods.kubejs.integration.architectury.ArchitecturyIntegration
[19:25:11] [INIT] - com.lowdragmc.lowdraglib2.integration.kjs.LDLibKubeJSPlugin
[19:25:11] [INIT] - com.chen1335.immersiveEngineeringJs.kubejs.ImmersiveEngineeringJsPlugin
[19:25:11] [INIT] - net.davio.aquaticambitions.compat.KubeJS.CAAKubeJSPlugin
[19:25:11] [INIT] - moe.wolfgirl.probejs.plugin.ProbeJSKJSPlugin
[19:25:11] [INIT] - fr.iglee42.createcasing.kubejs.EncasedKJSPlugin
[19:25:11] [INIT] - dev.ftb.mods.ftbxmodcompat.neoforge.ftbquests.kubejs.FTBQuestsKubeJSPlugin
[19:25:11] [INIT] - dev.ftb.mods.ftbxmodcompat.neoforge.ftbteams.kubejs.FTBTeamsKubeJSPlugin
[19:25:11] [INIT] - dev.ftb.mods.ftbxmodcompat.neoforge.ftbfiltersystem.kubejs.FFSKubeJSPlugin
[19:25:11] [INIT] - dev.latvian.mods.kubejs.create.KubeJSCreatePlugin
[19:25:11] [INIT] - dev.propulsionteam.propulsionsimulated.compat.kubejs.PropulsionKubeJSPlugin
[19:25:11] [INIT] - dev.propulsionteam.propulsionsimulated.compat.kubejs.PropulsionKubeJSPlugin
[19:25:11] [INIT] - io.github.notenoughmail.kubejstfc.KubeJSTFCPlugin
[19:25:11] [INIT] - io.github.notenoughmail.kubejstfc.compat.precpros.PrecProsPlugin
[19:25:11] [INIT] - io.github.notenoughmail.kubejstfc.compat.firmalife.FirmaLifePlugin
[19:25:11] [INIT] - io.github.notenoughmail.kubejstfc.compat.afc.AFCPlugin
[19:25:11] [INFO] Loaded script server_scripts:kubejsstudio/recipes.js in 0.001 s
[19:25:11] [INFO] server_scripts:main.js#2: Hello, World! (Loaded server example script)
[19:25:11] [INFO] Loaded script server_scripts:main.js in 0.0 s
[19:25:11] [INFO] Loaded 2/2 KubeJS server scripts in 0.018 s with 0 errors and 0 warnings
[19:25:11] [WARN] Due to the way Minecraft resource loading works, KubeJS' server.log may not contain everything that happened in your server scripts on initial world creation.
[19:25:11] [WARN] You can still see the full log (including past reloads) in your latest.log file.
[19:25:15] [INFO] Server resource reload complete!
